name: Lockfile Validation

on:
  pull_request:
    paths:
      - 'backend/pyproject.toml'
      - 'backend/poetry.lock'
      - 'frontend/package.json'
      - 'frontend/pnpm-lock.yaml'
  push:
    branches: [master, main]
    paths:
      - 'backend/pyproject.toml'
      - 'backend/poetry.lock'
      - 'frontend/package.json'
      - 'frontend/pnpm-lock.yaml'

jobs:
  validate-lockfiles:
    runs-on: ubuntu-latest
    timeout-minutes: 5
    steps:
      - uses: actions/checkout@v4

      - name: Set up Poetry
        run: pip install poetry

      - name: Set up pnpm
        uses: pnpm/action-setup@v2
        with:
          version: 8

      - name: Validate lockfiles
        uses: stars-end/agent-skills/.github/actions/lockfile-check@main
        with:
          backend-directory: backend/
          frontend-directory: frontend/
